<?xml version="1.0" encoding="UTF-8"?>
<testng-results ignored="0" total="11" passed="11" failed="0" skipped="0">
  <reporter-output>
  </reporter-output>
  <suite started-at="2023-12-27T00:28:25 IST" name="TestNG Parameters Suite" finished-at="2023-12-27T00:33:06 IST" duration-ms="281040">
    <groups>
      <group name="Regression_Test">
        <method signature="QKART_Tests.TestCase04(java.lang.String)[pri:4, instance:QKART_TESTNG.testcases.QKART_Tests@233b7e36]" name="TestCase04" class="QKART_TESTNG.testcases.QKART_Tests"/>
        <method signature="QKART_Tests.TestCase06(java.lang.String,java.lang.String,java.lang.String,java.lang.String,java.lang.String)[pri:6, instance:QKART_TESTNG.testcases.QKART_Tests@233b7e36]" name="TestCase06" class="QKART_TESTNG.testcases.QKART_Tests"/>
        <method signature="QKART_Tests.TestCase08(java.lang.String,java.lang.String,java.lang.String)[pri:8, instance:QKART_TESTNG.testcases.QKART_Tests@233b7e36]" name="TestCase08" class="QKART_TESTNG.testcases.QKART_Tests"/>
        <method signature="QKART_Tests.TestCase09(java.lang.String,java.lang.String)[pri:9, instance:QKART_TESTNG.testcases.QKART_Tests@233b7e36]" name="TestCase09" class="QKART_TESTNG.testcases.QKART_Tests"/>
        <method signature="QKART_Tests.TestCase10(java.lang.String,java.lang.String,java.lang.String)[pri:10, instance:QKART_TESTNG.testcases.QKART_Tests@233b7e36]" name="TestCase10" class="QKART_TESTNG.testcases.QKART_Tests"/>
        <method signature="QKART_Tests.TestCase11(java.lang.String,java.lang.String,java.lang.String,java.lang.String)[pri:11, instance:QKART_TESTNG.testcases.QKART_Tests@233b7e36]" name="TestCase11" class="QKART_TESTNG.testcases.QKART_Tests"/>
      </group> <!-- Regression_Test -->
      <group name="Sanity_test">
        <method signature="QKART_Tests.TestCase01(java.lang.String,java.lang.String)[pri:1, instance:QKART_TESTNG.testcases.QKART_Tests@233b7e36]" name="TestCase01" class="QKART_TESTNG.testcases.QKART_Tests"/>
        <method signature="QKART_Tests.TestCase02(java.lang.String,java.lang.String)[pri:2, instance:QKART_TESTNG.testcases.QKART_Tests@233b7e36]" name="TestCase02" class="QKART_TESTNG.testcases.QKART_Tests"/>
        <method signature="QKART_Tests.TestCase03(java.lang.String,java.lang.String)[pri:3, instance:QKART_TESTNG.testcases.QKART_Tests@233b7e36]" name="TestCase03" class="QKART_TESTNG.testcases.QKART_Tests"/>
        <method signature="QKART_Tests.TestCase05(java.lang.String,java.lang.String,java.lang.String,java.lang.String,java.lang.String)[pri:5, instance:QKART_TESTNG.testcases.QKART_Tests@233b7e36]" name="TestCase05" class="QKART_TESTNG.testcases.QKART_Tests"/>
        <method signature="QKART_Tests.TestCase07(java.lang.String,java.lang.String,java.lang.String,int,java.lang.String)[pri:7, instance:QKART_TESTNG.testcases.QKART_Tests@233b7e36]" name="TestCase07" class="QKART_TESTNG.testcases.QKART_Tests"/>
        <method signature="QKART_Tests.TestCase11(java.lang.String,java.lang.String,java.lang.String,java.lang.String)[pri:11, instance:QKART_TESTNG.testcases.QKART_Tests@233b7e36]" name="TestCase11" class="QKART_TESTNG.testcases.QKART_Tests"/>
      </group> <!-- Sanity_test -->
    </groups>
    <test started-at="2023-12-27T00:28:25 IST" name="Test Execution using TestNg" finished-at="2023-12-27T00:33:06 IST" duration-ms="281040">
      <class name="QKART_TESTNG.testcases.QKART_Tests">
        <test-method is-config="true" signature="createDriver()[pri:0, instance:QKART_TESTNG.testcases.QKART_Tests@233b7e36]" started-at="2023-12-27T00:28:22 IST" name="createDriver" finished-at="2023-12-27T00:28:25 IST" duration-ms="2706" status="PASS">
          <reporter-output>
          </reporter-output>
        </test-method> <!-- createDriver -->
        <test-method signature="TestCase01(java.lang.String,java.lang.String)[pri:1, instance:QKART_TESTNG.testcases.QKART_Tests@233b7e36]" started-at="2023-12-27T00:28:25 IST" name="TestCase01" description="Verify registration happens correctly" finished-at="2023-12-27T00:28:38 IST" duration-ms="12392" status="PASS">
          <params>
            <param index="0">
              <value>
                <![CDATA[testUser]]>
              </value>
            </param>
            <param index="1">
              <value>
                <![CDATA[abc@123]]>
              </value>
            </param>
          </params>
          <reporter-output>
          </reporter-output>
        </test-method> <!-- TestCase01 -->
        <test-method signature="TestCase02(java.lang.String,java.lang.String)[pri:2, instance:QKART_TESTNG.testcases.QKART_Tests@233b7e36]" started-at="2023-12-27T00:28:38 IST" name="TestCase02" description="Verify re-registering an already registered user fails" finished-at="2023-12-27T00:29:14 IST" duration-ms="35504" status="PASS">
          <params>
            <param index="0">
              <value>
                <![CDATA[testUser]]>
              </value>
            </param>
            <param index="1">
              <value>
                <![CDATA[abc@123]]>
              </value>
            </param>
          </params>
          <reporter-output>
          </reporter-output>
        </test-method> <!-- TestCase02 -->
        <test-method signature="TestCase03(java.lang.String,java.lang.String)[pri:3, instance:QKART_TESTNG.testcases.QKART_Tests@233b7e36]" started-at="2023-12-27T00:29:15 IST" name="TestCase03" description="Verify the functionality of search text box" finished-at="2023-12-27T00:29:50 IST" duration-ms="35603" status="PASS">
          <params>
            <param index="0">
              <value>
                <![CDATA[YONEX]]>
              </value>
            </param>
            <param index="1">
              <value>
                <![CDATA[Gesundheit]]>
              </value>
            </param>
          </params>
          <reporter-output>
          </reporter-output>
        </test-method> <!-- TestCase03 -->
        <test-method signature="TestCase04(java.lang.String)[pri:4, instance:QKART_TESTNG.testcases.QKART_Tests@233b7e36]" started-at="2023-12-27T00:29:51 IST" name="TestCase04" description="Verify the existence of size chart for certain items and validate contents of size chart" finished-at="2023-12-27T00:30:10 IST" duration-ms="19599" status="PASS">
          <params>
            <param index="0">
              <value>
                <![CDATA[Running Shoes]]>
              </value>
            </param>
          </params>
          <reporter-output>
          </reporter-output>
        </test-method> <!-- TestCase04 -->
        <test-method signature="TestCase05(java.lang.String,java.lang.String,java.lang.String,java.lang.String,java.lang.String)[pri:5, instance:QKART_TESTNG.testcases.QKART_Tests@233b7e36]" started-at="2023-12-27T00:30:11 IST" name="TestCase05" description="Verify that a new user can add multiple products in to the cart and Checkout" finished-at="2023-12-27T00:30:41 IST" duration-ms="29675" status="PASS">
          <params>
            <param index="0">
              <value>
                <![CDATA[testUser]]>
              </value>
            </param>
            <param index="1">
              <value>
                <![CDATA[abc@123]]>
              </value>
            </param>
            <param index="2">
              <value>
                <![CDATA[YONEX Smash Badminton Racquet]]>
              </value>
            </param>
            <param index="3">
              <value>
                <![CDATA[Tan Leatherette Weekender Duffle]]>
              </value>
            </param>
            <param index="4">
              <value>
                <![CDATA[Addr line 1 addr Line 2 addr line 3]]>
              </value>
            </param>
          </params>
          <reporter-output>
          </reporter-output>
        </test-method> <!-- TestCase05 -->
        <test-method signature="TestCase06(java.lang.String,java.lang.String,java.lang.String,java.lang.String,java.lang.String)[pri:6, instance:QKART_TESTNG.testcases.QKART_Tests@233b7e36]" started-at="2023-12-27T00:30:42 IST" name="TestCase06" description="Verify that the contents of the cart can be edited" finished-at="2023-12-27T00:31:21 IST" duration-ms="39111" status="PASS">
          <params>
            <param index="0">
              <value>
                <![CDATA[testUser]]>
              </value>
            </param>
            <param index="1">
              <value>
                <![CDATA[abc@123]]>
              </value>
            </param>
            <param index="2">
              <value>
                <![CDATA[Xtend Smart Watch]]>
              </value>
            </param>
            <param index="3">
              <value>
                <![CDATA[Yarine Floor Lamp]]>
              </value>
            </param>
            <param index="4">
              <value>
                <![CDATA[Addr line 1 addr Line 2 addr line 3]]>
              </value>
            </param>
          </params>
          <reporter-output>
          </reporter-output>
        </test-method> <!-- TestCase06 -->
        <test-method signature="TestCase07(java.lang.String,java.lang.String,java.lang.String,int,java.lang.String)[pri:7, instance:QKART_TESTNG.testcases.QKART_Tests@233b7e36]" started-at="2023-12-27T00:31:22 IST" name="TestCase07" description="Verify that insufficient balance error is thrown when the wallet balance is not enough" finished-at="2023-12-27T00:32:04 IST" duration-ms="42413" status="PASS">
          <params>
            <param index="0">
              <value>
                <![CDATA[testUser]]>
              </value>
            </param>
            <param index="1">
              <value>
                <![CDATA[abc@123]]>
              </value>
            </param>
            <param index="2">
              <value>
                <![CDATA[Stylecon 9 Seater RHS Sofa Set ]]>
              </value>
            </param>
            <param index="3">
              <value>
                <![CDATA[10]]>
              </value>
            </param>
            <param index="4">
              <value>
                <![CDATA[Addr line 1 addr Line 2 addr line 3]]>
              </value>
            </param>
          </params>
          <reporter-output>
          </reporter-output>
        </test-method> <!-- TestCase07 -->
        <test-method signature="TestCase08(java.lang.String,java.lang.String,java.lang.String)[pri:8, instance:QKART_TESTNG.testcases.QKART_Tests@233b7e36]" started-at="2023-12-27T00:32:04 IST" name="TestCase08" description="Verify that a product added to a cart is available when a new tab is added" finished-at="2023-12-27T00:32:25 IST" duration-ms="20390" status="PASS">
          <params>
            <param index="0">
              <value>
                <![CDATA[testUser]]>
              </value>
            </param>
            <param index="1">
              <value>
                <![CDATA[abc@123]]>
              </value>
            </param>
            <param index="2">
              <value>
                <![CDATA[YONEX Smash Badminton Racquet]]>
              </value>
            </param>
          </params>
          <reporter-output>
          </reporter-output>
        </test-method> <!-- TestCase08 -->
        <test-method signature="TestCase09(java.lang.String,java.lang.String)[pri:9, instance:QKART_TESTNG.testcases.QKART_Tests@233b7e36]" started-at="2023-12-27T00:32:25 IST" name="TestCase09" description="Verify that privacy policy and about us links are working fine" finished-at="2023-12-27T00:32:35 IST" duration-ms="10459" status="PASS">
          <params>
            <param index="0">
              <value>
                <![CDATA[testUser]]>
              </value>
            </param>
            <param index="1">
              <value>
                <![CDATA[abc@123]]>
              </value>
            </param>
          </params>
          <reporter-output>
          </reporter-output>
        </test-method> <!-- TestCase09 -->
        <test-method signature="TestCase10(java.lang.String,java.lang.String,java.lang.String)[pri:10, instance:QKART_TESTNG.testcases.QKART_Tests@233b7e36]" started-at="2023-12-27T00:32:36 IST" name="TestCase10" description="Verify that the contact us dialog works fine" finished-at="2023-12-27T00:32:38 IST" duration-ms="2364" status="PASS">
          <params>
            <param index="0">
              <value>
                <![CDATA[crio user]]>
              </value>
            </param>
            <param index="1">
              <value>
                <![CDATA[criouser@gmail.com]]>
              </value>
            </param>
            <param index="2">
              <value>
                <![CDATA[Testing the contact us page]]>
              </value>
            </param>
          </params>
          <reporter-output>
          </reporter-output>
        </test-method> <!-- TestCase10 -->
        <test-method signature="TestCase11(java.lang.String,java.lang.String,java.lang.String,java.lang.String)[pri:11, instance:QKART_TESTNG.testcases.QKART_Tests@233b7e36]" started-at="2023-12-27T00:32:39 IST" name="TestCase11" description="Ensure that the Advertisement Links on the QKART page are clickable" finished-at="2023-12-27T00:33:06 IST" duration-ms="27196" status="PASS">
          <params>
            <param index="0">
              <value>
                <![CDATA[testUser]]>
              </value>
            </param>
            <param index="1">
              <value>
                <![CDATA[abc@123]]>
              </value>
            </param>
            <param index="2">
              <value>
                <![CDATA[YONEX Smash Badminton Racquet]]>
              </value>
            </param>
            <param index="3">
              <value>
                <![CDATA[Addr line 1 addr Line 2 addr line 3]]>
              </value>
            </param>
          </params>
          <reporter-output>
          </reporter-output>
        </test-method> <!-- TestCase11 -->
        <test-method is-config="true" signature="quitDriver()[pri:0, instance:QKART_TESTNG.testcases.QKART_Tests@233b7e36]" started-at="2023-12-27T00:33:06 IST" name="quitDriver" finished-at="2023-12-27T00:33:06 IST" duration-ms="65" status="PASS">
          <reporter-output>
          </reporter-output>
        </test-method> <!-- quitDriver -->
      </class> <!-- QKART_TESTNG.testcases.QKART_Tests -->
    </test> <!-- Test Execution using TestNg -->
  </suite> <!-- TestNG Parameters Suite -->
</testng-results>
